
 Name                                                   Monthly Qty  Unit                Monthly Cost 
                                                                                                      
 google_compute_address.invalid_usage                                                                 
 ├─ IP address (if used by standard VM)             Monthly cost depends on usage: $0.004 per hours   
 ├─ IP address (if used by preemptible VM)          Monthly cost depends on usage: $0.002 per hours   
 └─ IP address (if unused)                          Monthly cost depends on usage: $0.01 per hours    
                                                                                                      
 google_compute_address.preemptible_with_usage                                                        
 └─ IP address (preemptible VM)                                 730  hours                      $1.46 
                                                                                                      
 google_compute_address.standard_with_usage                                                           
 └─ IP address (standard VM)                                    730  hours                      $2.92 
                                                                                                      
 google_compute_address.static                                                                        
 ├─ IP address (if used by standard VM)             Monthly cost depends on usage: $0.004 per hours   
 ├─ IP address (if used by preemptible VM)          Monthly cost depends on usage: $0.002 per hours   
 └─ IP address (if unused)                          Monthly cost depends on usage: $0.01 per hours    
                                                                                                      
 google_compute_address.unused_with_usage                                                             
 └─ IP address (unused)                                         730  hours                      $7.30 
                                                                                                      
 google_compute_global_address.default                                                                
 ├─ IP address (if used by standard VM)             Monthly cost depends on usage: $0.004 per hours   
 ├─ IP address (if used by preemptible VM)          Monthly cost depends on usage: $0.002 per hours   
 └─ IP address (if unused)                          Monthly cost depends on usage: $0.01 per hours    
                                                                                                      
 google_compute_global_address.standard_with_usage                                                    
 └─ IP address (standard VM)                                    730  hours                      $2.92 
                                                                                                      
 OVERALL TOTAL                                                                                 $14.60 
──────────────────────────────────
8 cloud resources were detected:
∙ 7 were estimated, all of which include usage-based costs, see https://infracost.io/usage-file
∙ 1 was free:
  ∙ 1 x google_compute_address
Logs:

level=warning msg="Invalid address_type, ignoring. Expected: standard_vm, preemptible_vm, unused. Got: invalid"